// Vitest Snapshot v1, https://vitest.dev/guide/snapshot.html

exports[`csharp-body-with-object-field 1`] = `
"# CsharpBodyWithObjectField.Net - C#

[![NuGet](https://img.shields.io/badge/NuGet-1.0.0-blue.svg)](https://www.nuget.org/packages/CsharpBodyWithObjectField.Net/1.0.0)
[![More Info](https://img.shields.io/badge/More%20Info-Click%20Here-orange)](http://example.com/support)

A simple API based for testing csharp-body-with-object-field.

## Frameworks supported
- .NET Core >=1.0
- .NET Framework >=4.6
- Mono/Xamarin >=vNext

## Installation

Using the [.NET Core command-line interface (CLI) tools][dotnet-core-cli-tools]:

\`\`\`sh
dotnet add package CsharpBodyWithObjectField.Net
\`\`\`

Using the [NuGet Command Line Interface (CLI)][nuget-cli]:

\`\`\`sh
nuget install CsharpBodyWithObjectField.Net
\`\`\`

Using the [Package Manager Console][package-manager-console]:

\`\`\`powershell
Install-Package CsharpBodyWithObjectField.Net
\`\`\`

From within Visual Studio:

1. Open the Solution Explorer.
2. Right-click on a project within your solution.
3. Click on *Manage NuGet Packages...*
4. Click on the *Browse* tab and search for \\"CsharpBodyWithObjectField.Net\\".
5. Click on the \\"CsharpBodyWithObjectField.Net\\" package, select the appropriate version in the
   right-tab and click *Install*.

## Getting Started

\`\`\`csharp
using System;
using System.Collections.Generic;
using System.Diagnostics;
using CsharpBodyWithObjectField.Net.Client;
using CsharpBodyWithObjectField.Net.Model;

namespace Example
{
    public class FetchExample
    {
        public static void Main()
        {
            CsharpBodyWithObjectFieldClient client = new CsharpBodyWithObjectFieldClient();
            // Configure API key authorization: ApiKeyAuth
            client.SetApiKey(\\"YOUR_API_KEY\\");

            
            try
            {
                // Fetches a JSON value based on input parameter
                Object result = client.Test.Fetch();
                Console.WriteLine(result);
            }
            catch (ApiException e)
            {
                Console.WriteLine(\\"Exception when calling TestApi.Fetch: \\" + e.Message);
                Console.WriteLine(\\"Status Code: \\"+ e.ErrorCode);
                Console.WriteLine(e.StackTrace);
            }
            catch (ClientException e)
            {
                Console.WriteLine(e.Response.StatusCode);
                Console.WriteLine(e.Response.RawContent);
                Console.WriteLine(e.InnerException);
            }
        }
    }
}
\`\`\`

## Documentation for API Endpoints

All URIs are relative to *https://csharp-body-with-object-field.konfigthis.com*

Class | Method | HTTP request | Description
------------ | ------------- | ------------- | -------------
*TestApi* | [**Fetch**](docs/TestApi.md#fetch) | **GET** /simple-endpoint | Fetches a JSON value based on input parameter


## Documentation for Models



## Dependencies

- [RestSharp](https://www.nuget.org/packages/RestSharp) - 106.13.0 or later
- [Json.NET](https://www.nuget.org/packages/Newtonsoft.Json/) - 13.0.1 or later
- [JsonSubTypes](https://www.nuget.org/packages/JsonSubTypes/) - 1.8.0 or later
- [System.ComponentModel.Annotations](https://www.nuget.org/packages/System.ComponentModel.Annotations) - 5.0.0 or later

## Author
This C# package is automatically generated by [Konfig](https://konfigthis.com)

[dotnet-core-cli-tools]: https://docs.microsoft.com/en-us/dotnet/core/tools/
[nuget-cli]: https://docs.microsoft.com/en-us/nuget/tools/nuget-exe-cli-reference
[package-manager-console]: https://docs.microsoft.com/en-us/nuget/tools/package-manager-console
"
`;
