// Vitest Snapshot v1, https://vitest.dev/guide/snapshot.html

exports[`go-newscatcher 1`] = `
"# newscatcherapi - Maksym Sugonyaka's Go SDK

<img src='https://uploads-ssl.webflow.com/6429857b17973b636c2195c5/646c6f1eb774ff2f2997bec5_newscatcher_.svg' width='286' height='35' /> <br>  <br>Visit our website  <a href='https://newscatcherapi.com'>https://newscatcherapi.com</a>


## Installation

Add to your project:

\`\`\`shell
go get github.com/konfig-dev/newscatcher-go-sdk/go
\`\`\`

## Getting Started

\`\`\`golang
package main

import (
    "fmt"
    "os"
    newscatcherapi "github.com/konfig-dev/newscatcher-go-sdk/go"
)

func main() {
    configuration := newscatcherapi.NewConfiguration()
    configuration.SetApiKey("X_API_TOKEN")
    client := newscatcherapi.NewAPIClient(configuration)

    request := client.AuthorsApi.Get(
        "authorName_example",
    )
    request.Sources("sources_example")
    request.PredefinedSources("predefinedSources_example")
    request.NotSources("notSources_example")
    request.Lang("lang_example")
    request.NotLang("notLang_example")
    request.Countries("countries_example")
    request.NotCountries("notCountries_example")
    request.From("from_example")
    request.To("to_example")
    request.PublishedDatePrecision("publishedDatePrecision_example")
    request.ByParseDate(false)
    request.SortBy(""relevancy"")
    request.RankedOnly("rankedOnly_example")
    request.FromRank(56)
    request.ToRank(56)
    request.IsHeadline(true)
    request.IsPaidContent(true)
    request.ParentUrl("parentUrl_example")
    request.AllLinks("allLinks_example")
    request.AllDomainLinks("allDomainLinks_example")
    request.WordCountMin(56)
    request.WordCountMax(56)
    request.Page(1)
    request.PageSize(100)
    request.IncludeNlpData(true)
    request.HasNlp(true)
    request.Theme("theme_example")
    request.NerName("nerName_example")
    request.TitleSentimentMin(8.14)
    request.TitleSentimentMax(8.14)
    request.ContentSentimentMin(8.14)
    request.ContentSentimentMax(8.14)
    
    resp, httpRes, err := request.Execute()

    if err != nil {
        fmt.Fprintf(os.Stderr, "Error when calling \`AuthorsApi.Get\`\`: %v\\n", err)
        fmt.Fprintf(os.Stderr, "Full HTTP response: %v\\n", httpRes)
    }
    // response from \`Get\`: FSearchResponse
    fmt.Fprintf(os.Stdout, "Response from \`AuthorsApi.Get\`: %v\\n", resp)
    fmt.Fprintf(os.Stdout, "Response from \`FSearchResponse.Get.Status\`: %v\\n", *resp.Status)
    fmt.Fprintf(os.Stdout, "Response from \`FSearchResponse.Get.TotalHits\`: %v\\n", *resp.TotalHits)
    fmt.Fprintf(os.Stdout, "Response from \`FSearchResponse.Get.Page\`: %v\\n", *resp.Page)
    fmt.Fprintf(os.Stdout, "Response from \`FSearchResponse.Get.TotalPages\`: %v\\n", *resp.TotalPages)
    fmt.Fprintf(os.Stdout, "Response from \`FSearchResponse.Get.PageSize\`: %v\\n", *resp.PageSize)
    fmt.Fprintf(os.Stdout, "Response from \`FSearchResponse.Get.Articles\`: %v\\n", *resp.Articles)
    fmt.Fprintf(os.Stdout, "Response from \`FSearchResponse.Get.UserInput\`: %v\\n", resp.UserInput)
}
\`\`\`

## Documentation for API Endpoints

All URIs are relative to *https://v3-api.newscatcherapi.com*

Class | Method | HTTP request | Description
------------ | ------------- | ------------- | -------------
*AuthorsApi* | [**Get**](docs/AuthorsApi.md#get) | **Get** /api/authors | [Get] Search By Author Request
*AuthorsApi* | [**Post**](docs/AuthorsApi.md#post) | **Post** /api/authors | [Post] Search By Author Request
*LatestHeadlinesApi* | [**Get**](docs/LatestHeadlinesApi.md#get) | **Get** /api/latest_headlines | [Get] Search For Latest Headlines Request
*LatestHeadlinesApi* | [**Post**](docs/LatestHeadlinesApi.md#post) | **Post** /api/latest_headlines | [Post] Search For Latest Headlines Request
*SearchApi* | [**Get**](docs/SearchApi.md#get) | **Get** /api/search | [Get] Search For Articles Request
*SearchApi* | [**Post**](docs/SearchApi.md#post) | **Post** /api/search | [Post] Search For Articles Request
*SearchSimilarApi* | [**Get**](docs/SearchSimilarApi.md#get) | **Get** /api/search_similar | [Get] Search For Similar Articles Request
*SearchSimilarApi* | [**Post**](docs/SearchSimilarApi.md#post) | **Post** /api/search_similar | [Post] Search For Similar Articles Request
*SourcesApi* | [**Get**](docs/SourcesApi.md#get) | **Get** /api/sources | [Get] Search For Sources Request
*SourcesApi* | [**Post**](docs/SourcesApi.md#post) | **Post** /api/sources | [Post] Search For Sources Request
*SubscriptionApi* | [**Get**](docs/SubscriptionApi.md#get) | **Get** /api/subscription | [Get] Get My Plan Info
*SubscriptionApi* | [**Post**](docs/SubscriptionApi.md#post) | **Post** /api/subscription | [Post] Get My Plan Info


## Documentation For Models

 - [AllDomainLinks](docs/AllDomainLinks.md)
 - [AllLinks](docs/AllLinks.md)
 - [ArticlesPropertyInner](docs/ArticlesPropertyInner.md)
 - [ArticlesPropertyInner1](docs/ArticlesPropertyInner1.md)
 - [ArticlesPropertyInner1AllDomainLinks](docs/ArticlesPropertyInner1AllDomainLinks.md)
 - [ArticlesPropertyInner1AllLinks](docs/ArticlesPropertyInner1AllLinks.md)
 - [ArticlesPropertyInner1Authors](docs/ArticlesPropertyInner1Authors.md)
 - [ArticlesPropertyInner1Journalists](docs/ArticlesPropertyInner1Journalists.md)
 - [ArticlesPropertyInner2](docs/ArticlesPropertyInner2.md)
 - [ArticlesPropertyInner3](docs/ArticlesPropertyInner3.md)
 - [ArticlesPropertyInnerAllDomainLinks](docs/ArticlesPropertyInnerAllDomainLinks.md)
 - [ArticlesPropertyInnerAllLinks](docs/ArticlesPropertyInnerAllLinks.md)
 - [ArticlesPropertyInnerAuthors](docs/ArticlesPropertyInnerAuthors.md)
 - [ArticlesPropertyInnerJournalists](docs/ArticlesPropertyInnerJournalists.md)
 - [AuthorSearchRequest](docs/AuthorSearchRequest.md)
 - [Authors](docs/Authors.md)
 - [CSLHFResponse](docs/CSLHFResponse.md)
 - [CSLHFResponse1](docs/CSLHFResponse1.md)
 - [Cluster](docs/Cluster.md)
 - [Cluster1](docs/Cluster1.md)
 - [ClusteringSearchResponse](docs/ClusteringSearchResponse.md)
 - [CountriesProperty](docs/CountriesProperty.md)
 - [DtoResponsesAuthorSearchResponseArticleResult](docs/DtoResponsesAuthorSearchResponseArticleResult.md)
 - [DtoResponsesAuthorSearchResponseFailedSearchResponse](docs/DtoResponsesAuthorSearchResponseFailedSearchResponse.md)
 - [DtoResponsesAuthorSearchResponseSearchResponse](docs/DtoResponsesAuthorSearchResponseSearchResponse.md)
 - [DtoResponsesLatestHeadlinesResponseArticleResult](docs/DtoResponsesLatestHeadlinesResponseArticleResult.md)
 - [DtoResponsesMoreLikeThisResponseArticleResult](docs/DtoResponsesMoreLikeThisResponseArticleResult.md)
 - [DtoResponsesMoreLikeThisResponseFailedSearchResponse](docs/DtoResponsesMoreLikeThisResponseFailedSearchResponse.md)
 - [DtoResponsesMoreLikeThisResponseSearchResponse](docs/DtoResponsesMoreLikeThisResponseSearchResponse.md)
 - [DtoResponsesSearchResponseArticleResult](docs/DtoResponsesSearchResponseArticleResult.md)
 - [DtoResponsesSearchResponseFailedSearchResponse](docs/DtoResponsesSearchResponseFailedSearchResponse.md)
 - [DtoResponsesSearchResponseSearchResponse](docs/DtoResponsesSearchResponseSearchResponse.md)
 - [FCSearchResponse](docs/FCSearchResponse.md)
 - [FCSearchResponse1](docs/FCSearchResponse1.md)
 - [FSearchResponse](docs/FSearchResponse.md)
 - [FSearchResponse1](docs/FSearchResponse1.md)
 - [FSearchResponse2](docs/FSearchResponse2.md)
 - [FSearchResponse3](docs/FSearchResponse3.md)
 - [FailedLatestHeadlinesResponse](docs/FailedLatestHeadlinesResponse.md)
 - [HTTPValidationError](docs/HTTPValidationError.md)
 - [Journalists](docs/Journalists.md)
 - [LangProperty](docs/LangProperty.md)
 - [LatestHeadlinesRequest](docs/LatestHeadlinesRequest.md)
 - [LatestHeadlinesResponse](docs/LatestHeadlinesResponse.md)
 - [LocationPropertyInner](docs/LocationPropertyInner.md)
 - [MoreLikeThisRequest](docs/MoreLikeThisRequest.md)
 - [SearchRequest](docs/SearchRequest.md)
 - [SimilarDocument](docs/SimilarDocument.md)
 - [SimilarDocument1](docs/SimilarDocument1.md)
 - [SourceResponse](docs/SourceResponse.md)
 - [SourcesRequest](docs/SourcesRequest.md)
 - [SubscriptionResponse](docs/SubscriptionResponse.md)
 - [UserInput](docs/UserInput.md)
 - [ValidationError](docs/ValidationError.md)
"
`;
