// Vitest Snapshot v1, https://vitest.dev/guide/snapshot.html

exports[`java-merge-anyof-object-schemas 1`] = `
"# java-merge-anyof-object-schemas<a id="java-merge-anyof-object-schemas"></a>

A simple API based for testing java-merge-anyof-object-schemas.

[![Maven Central](https://img.shields.io/badge/Maven%20Central-v1.0.0-blue)](https://central.sonatype.com/artifact/com.konfigthis/java-merge-anyof-object-schemas/1.0.0)
[![More Info](https://img.shields.io/badge/More%20Info-Click%20Here-orange)](http://example.com/support)

## Table of Contents<a id="table-of-contents"></a>

<!-- toc -->

- [Requirements](#requirements)
- [Installation](#installation)
  * [Maven users](#maven-users)
  * [Gradle users](#gradle-users)
  * [Android users](#android-users)
  * [Others](#others)
- [Getting Started](#getting-started)
- [Reference](#reference)
  * [\`javamergeanyofobjectschemasclient.test.fetch\`](#javamergeanyofobjectschemasclienttestfetch)
  * [\`javamergeanyofobjectschemasclient.test.mergeDifferent\`](#javamergeanyofobjectschemasclienttestmergedifferent)
  * [\`javamergeanyofobjectschemasclient.test.mergeSame\`](#javamergeanyofobjectschemasclienttestmergesame)

<!-- tocstop -->

## Requirements<a id="requirements"></a>

Building the API client library requires:

1. Java 1.8+
2. Maven (3.8.3+)/Gradle (7.2+)

If you are adding this library to an Android Application or Library:

3. Android 8.0+ (API Level 26+)

## Installation<a id="installation"></a>

To install the API client library to your local Maven repository, simply execute:

\`\`\`shell
mvn clean install
\`\`\`

To deploy it to a remote Maven repository instead, configure the settings of the repository and execute:

\`\`\`shell
mvn clean deploy
\`\`\`

Refer to the [OSSRH Guide](http://central.sonatype.org/pages/ossrh-guide.html) for more information.

### Maven users<a id="maven-users"></a>

Add this dependency to your project's POM:

\`\`\`xml
<dependency>
  <groupId>com.konfigthis</groupId>
  <artifactId>java-merge-anyof-object-schemas</artifactId>
  <version>1.0.0</version>
  <scope>compile</scope>
</dependency>
\`\`\`

### Gradle users<a id="gradle-users"></a>

Add this dependency to your \`build.gradle\`:

\`\`\`groovy
// build.gradle
repositories {
  mavenCentral()
}

dependencies {
   implementation "com.konfigthis:java-merge-anyof-object-schemas:1.0.0"
}
\`\`\`

### Android users<a id="android-users"></a>

Make sure your \`build.gradle\` file as a \`minSdk\` version of at least 26:
\`\`\`groovy
// build.gradle
android {
    defaultConfig {
        minSdk 26
    }
}
\`\`\`

Also make sure your library or application has internet permissions in your \`AndroidManifest.xml\`:

\`\`\`xml
<!--AndroidManifest.xml-->
<?xml version="1.0" encoding="utf-8"?>
<manifest xmlns:android="http://schemas.android.com/apk/res/android"
    xmlns:tools="http://schemas.android.com/tools">
    <uses-permission android:name="android.permission.INTERNET"/>
</manifest>
\`\`\`

### Others<a id="others"></a>

At first generate the JAR by executing:

\`\`\`shell
mvn clean package
\`\`\`

Then manually install the following JARs:

* \`target/java-merge-anyof-object-schemas-1.0.0.jar\`
* \`target/lib/*.jar\`

## Getting Started<a id="getting-started"></a>

Please follow the [installation](#installation) instruction and execute the following Java code:

\`\`\`java
import com.konfigthis.javamergeanyofobjectschemas.client.ApiClient;
import com.konfigthis.javamergeanyofobjectschemas.client.ApiException;
import com.konfigthis.javamergeanyofobjectschemas.client.ApiResponse;
import com.konfigthis.javamergeanyofobjectschemas.client.JavaMergeAnyofObjectSchemasClient;
import com.konfigthis.javamergeanyofobjectschemas.client.Configuration;
import com.konfigthis.javamergeanyofobjectschemas.client.auth.*;
import com.konfigthis.javamergeanyofobjectschemas.client.model.*;
import com.konfigthis.javamergeanyofobjectschemas.client.api.TestApi;
import java.util.List;
import java.util.Map;
import java.util.UUID;

public class Example {
  public static void main(String[] args) {
    Configuration configuration = new Configuration();
    configuration.host = "https://java-merge-anyof-object-schemas.konfigthis.com";
    
    configuration.apiKey  = "YOUR API KEY";
    JavaMergeAnyofObjectSchemasClient client = new JavaMergeAnyofObjectSchemasClient(configuration);
    try {
      ABC result = client
              .test
              .fetch()
              .execute();
      System.out.println(result);
      System.out.println(result.getA());
      System.out.println(result.getB());
      System.out.println(result.getC());
    } catch (ApiException e) {
      System.err.println("Exception when calling TestApi#fetch");
      System.err.println("Status code: " + e.getStatusCode());
      System.err.println("Reason: " + e.getResponseBody());
      System.err.println("Response headers: " + e.getResponseHeaders());
      e.printStackTrace();
    }

    // Use .executeWithHttpInfo() to retrieve HTTP Status Code, Headers and Request
    try {
      ApiResponse<ABC> response = client
              .test
              .fetch()
              .executeWithHttpInfo();
      System.out.println(response.getResponseBody());
      System.out.println(response.getResponseHeaders());
      System.out.println(response.getStatusCode());
      System.out.println(response.getRoundTripTime());
      System.out.println(response.getRequest());
    } catch (ApiException e) {
      System.err.println("Exception when calling TestApi#fetch");
      System.err.println("Status code: " + e.getStatusCode());
      System.err.println("Reason: " + e.getResponseBody());
      System.err.println("Response headers: " + e.getResponseHeaders());
      e.printStackTrace();
    }
  }
}

\`\`\`
## Reference<a id="reference"></a>


### \`javamergeanyofobjectschemasclient.test.fetch\`<a id="javamergeanyofobjectschemasclienttestfetch"></a>

Provide an input parameter to receive a JSON value with properties.

#### üõ†Ô∏è Usage<a id="üõ†Ô∏è-usage"></a>

\`\`\`java
ABC result = client
        .test
        .fetch()
        .execute();
\`\`\`

#### üîÑ Return<a id="üîÑ-return"></a>

[ABC](./src/main/java/com/konfigthis/client/model/ABC.java)

#### üåê Endpoint<a id="üåê-endpoint"></a>

\`/simple-endpoint\` \`GET\`

[üîô **Back to Table of Contents**](#table-of-contents)

---


### \`javamergeanyofobjectschemasclient.test.mergeDifferent\`<a id="javamergeanyofobjectschemasclienttestmergedifferent"></a>

merge different

#### üõ†Ô∏è Usage<a id="üõ†Ô∏è-usage"></a>

\`\`\`java
A1 result = client
        .test
        .mergeDifferent()
        .execute();
\`\`\`

#### üîÑ Return<a id="üîÑ-return"></a>

[A1](./src/main/java/com/konfigthis/client/model/A1.java)

#### üåê Endpoint<a id="üåê-endpoint"></a>

\`/merge-different\` \`GET\`

[üîô **Back to Table of Contents**](#table-of-contents)

---


### \`javamergeanyofobjectschemasclient.test.mergeSame\`<a id="javamergeanyofobjectschemasclienttestmergesame"></a>

merge same

#### üõ†Ô∏è Usage<a id="üõ†Ô∏è-usage"></a>

\`\`\`java
B1 result = client
        .test
        .mergeSame()
        .execute();
\`\`\`

#### üîÑ Return<a id="üîÑ-return"></a>

[B1](./src/main/java/com/konfigthis/client/model/B1.java)

#### üåê Endpoint<a id="üåê-endpoint"></a>

\`/merge-same\` \`GET\`

[üîô **Back to Table of Contents**](#table-of-contents)

---


## Author<a id="author"></a>
This Java package is automatically generated by [Konfig](https://konfigthis.com)
"
`;
