// Vitest Snapshot v1, https://vitest.dev/guide/snapshot.html

exports[`python-circular-reference-2 1`] = `
"# python-circular-reference-2<a id="python-circular-reference-2"></a>

A simple API based for testing python-circular-reference.


[![PyPI](https://img.shields.io/badge/PyPI-v1.0.0-blue)](https://pypi.org/project/python-circular-reference-2/1.0.0)
[![README.md](https://img.shields.io/badge/README-Click%20Here-green)](https://github.com/konfig-dev/konfig/tree/main/python#readme)
[![More Info](https://img.shields.io/badge/More%20Info-Click%20Here-orange)](http://example.com/support)

## Table of Contents<a id="table-of-contents"></a>

<!-- toc -->

- [Requirements](#requirements)
- [Installation](#installation)
- [Getting Started](#getting-started)
- [Async](#async)
- [Raw HTTP Response](#raw-http-response)
- [Reference](#reference)
  * [\`pythoncircularreference2client.test.fetch\`](#pythoncircularreference2clienttestfetch)

<!-- tocstop -->

## Requirements<a id="requirements"></a>

Python >=3.7

## Installation<a id="installation"></a>

\`\`\`sh
pip install python-circular-reference-2==1.0.0
\`\`\`

## Getting Started<a id="getting-started"></a>

\`\`\`python
from pprint import pprint
from python_circular_reference_2 import PythonCircularReference2Client, ApiException

pythoncircularreference2client = PythonCircularReference2Client(
    api_key_auth="YOUR_API_KEY",
)

try:
    # Fetches a JSON value based on input parameter
    fetch_response = pythoncircularreference2client.test.fetch()
    print(fetch_response)
except ApiException as e:
    print("Exception when calling TestApi.fetch: %s\\n" % e)
    pprint(e.body)
    pprint(e.headers)
    pprint(e.status)
    pprint(e.reason)
    pprint(e.round_trip_time)
\`\`\`

## Async<a id="async"></a>

\`async\` support is available by prepending \`a\` to any method.

\`\`\`python
import asyncio
from pprint import pprint
from python_circular_reference_2 import PythonCircularReference2Client, ApiException

pythoncircularreference2client = PythonCircularReference2Client(
    api_key_auth="YOUR_API_KEY",
)


async def main():
    try:
        # Fetches a JSON value based on input parameter
        fetch_response = await pythoncircularreference2client.test.afetch()
        print(fetch_response)
    except ApiException as e:
        print("Exception when calling TestApi.fetch: %s\\n" % e)
        pprint(e.body)
        pprint(e.headers)
        pprint(e.status)
        pprint(e.reason)
        pprint(e.round_trip_time)


asyncio.run(main())
\`\`\`

## Raw HTTP Response<a id="raw-http-response"></a>

To access raw HTTP response values, use the \`.raw\` namespace.

\`\`\`python
from pprint import pprint
from python_circular_reference_2 import PythonCircularReference2Client, ApiException

pythoncircularreference2client = PythonCircularReference2Client(
    api_key_auth="YOUR_API_KEY",
)

try:
    # Fetches a JSON value based on input parameter
    fetch_response = pythoncircularreference2client.test.raw.fetch()
    pprint(fetch_response.body)
    pprint(fetch_response.body["required"])
    pprint(fetch_response.headers)
    pprint(fetch_response.status)
    pprint(fetch_response.round_trip_time)
except ApiException as e:
    print("Exception when calling TestApi.fetch: %s\\n" % e)
    pprint(e.body)
    pprint(e.headers)
    pprint(e.status)
    pprint(e.reason)
    pprint(e.round_trip_time)
\`\`\`


## Reference<a id="reference"></a>
### \`pythoncircularreference2client.test.fetch\`<a id="pythoncircularreference2clienttestfetch"></a>

Provide an input parameter to receive a JSON value with properties.

#### üõ†Ô∏è Usage<a id="üõ†Ô∏è-usage"></a>

\`\`\`python
fetch_response = pythoncircularreference2client.test.fetch()
\`\`\`

#### üîÑ Return<a id="üîÑ-return"></a>

[\`HasRequiredVar\`](./python_circular_reference_2/pydantic/has_required_var.py)

#### üåê Endpoint<a id="üåê-endpoint"></a>

\`/simple-endpoint\` \`get\`

[üîô **Back to Table of Contents**](#table-of-contents)

---


## Author<a id="author"></a>
This Python package is automatically generated by [Konfig](https://konfigthis.com)
"
`;
