// Jest Snapshot v1, https://goo.gl/fbAQLP

exports[`python-pydantic-recursively-convert-to-models 1`] = `
"# python-pydantic-recursively-convert-to-models

A simple API based for testing python-pydantic-recursively-convert-to-models.


[![PyPI](https://img.shields.io/badge/PyPI-v1.0.0-blue)](https://pypi.org/project/python-pydantic-recursively-convert-to-models/1.0.0)
[![README.md](https://img.shields.io/badge/README-Click%20Here-green)](https://github.com/konfig-dev/konfig/tree/main/python#readme)
[![More Info](https://img.shields.io/badge/More%20Info-Click%20Here-orange)](http://example.com/support)

## Table of Contents

<!-- toc -->

- [Requirements](#requirements)
- [Installing](#installing)
- [Getting Started](#getting-started)
- [Async](#async)
- [Reference](#reference)
  * [\`pythonpydanticrecursivelyconverttomodels.test.fetch\`](#pythonpydanticrecursivelyconverttomodelstestfetch)
  * [\`pythonpydanticrecursivelyconverttomodels.test.list\`](#pythonpydanticrecursivelyconverttomodelstestlist)

<!-- tocstop -->

## Requirements

Python >=3.7

## Installing

\`\`\`sh
pip install python-pydantic-recursively-convert-to-models==1.0.0
\`\`\`

## Getting Started

\`\`\`python
from pprint import pprint
from python_pydantic_recursively_convert_to_models import (
    PythonPydanticRecursivelyConvertToModels,
    ApiException,
)

pythonpydanticrecursivelyconverttomodels = PythonPydanticRecursivelyConvertToModels(
    api_key="YOUR_API_KEY",
)

try:
    # Fetches a JSON value based on input parameter
    fetch_response = pythonpydanticrecursivelyconverttomodels.test.fetch()
    print(fetch_response)
except ApiException as e:
    print("Exception when calling TestApi.fetch: %s\\n" % e)
    pprint(e.body)
    pprint(e.headers)
    pprint(e.status)
    pprint(e.reason)
    pprint(e.round_trip_time)
\`\`\`

## Async

\`async\` support is available by prepending \`a\` to any method.

\`\`\`python
import asyncio
from pprint import pprint
from python_pydantic_recursively_convert_to_models import (
    PythonPydanticRecursivelyConvertToModels,
    ApiException,
)

pythonpydanticrecursivelyconverttomodels = PythonPydanticRecursivelyConvertToModels(
    api_key="YOUR_API_KEY",
)


async def main():
    try:
        # Fetches a JSON value based on input parameter
        fetch_response = await pythonpydanticrecursivelyconverttomodels.test.afetch()
        print(fetch_response)
    except ApiException as e:
        print("Exception when calling TestApi.fetch: %s\\n" % e)
        pprint(e.body)
        pprint(e.headers)
        pprint(e.status)
        pprint(e.reason)
        pprint(e.round_trip_time)


asyncio.run(main())
\`\`\`


## Reference
### \`pythonpydanticrecursivelyconverttomodels.test.fetch\`

Provide an input parameter to receive a JSON value with properties.

#### üõ†Ô∏è Usage

\`\`\`python
fetch_response = pythonpydanticrecursivelyconverttomodels.test.fetch()
\`\`\`

#### üîÑ Return

[TestFetchResponse](./python_pydantic_recursively_convert_to_models/pydantic/test_fetch_response.py)

#### üåê Endpoint

\`/object\` \`get\`

[üîô **Back to Table of Contents**](#table-of-contents)

---

### \`pythonpydanticrecursivelyconverttomodels.test.list\`

Fetches a list value

#### üõ†Ô∏è Usage

\`\`\`python
list_response = pythonpydanticrecursivelyconverttomodels.test.list()
\`\`\`

#### üîÑ Return

[ListInner](./python_pydantic_recursively_convert_to_models/pydantic/list_inner.py)

#### üåê Endpoint

\`/list\` \`get\`

[üîô **Back to Table of Contents**](#table-of-contents)

---


## Author
This Python package is automatically generated by [Konfig](https://konfigthis.com)
"
`;
