// Vitest Snapshot v1, https://vitest.dev/guide/snapshot.html

exports[`swift-snaptrade 1`] = `
"# Swift5 API client for SnapTrade

Connect brokerage accounts to your app for live positions and trading

## Overview
This API client was generated by [Konfig](https://konfigthis.com).

- API version: 1.0.0
- Package version: 1.0.0

## Installation

### CocoaPods

1. Add \`source 'https://github.com/CocoaPods/Specs.git'\` to your \`Podfile\`
2. Add \`pod 'SnapTrade', '~> 1.0.0'\` to your \`Podfile\`

Your \`Podfile\` should look like:
\`\`\`ruby
# Podfile
source 'https://github.com/CocoaPods/Specs.git'

target 'Example' do
  pod 'SnapTrade', '~> 1.0.0'
end
\`\`\`
3. Run \`pod install\`

\`\`\`shell
‚ùØ pod install
Analyzing dependencies
Downloading dependencies
Installing SnapTrade 1.0.0
Generating Pods project
Integrating client project
Pod installation complete! There is 1 dependency from the Podfile and 2 total pods installed.
\`\`\`

## Getting Started

\`\`\`swift
import SnapTrade


let apiKey = ProcessInfo.processInfo.environment[\\"API_KEY\\"]!
SnapTradeAPI.customHeaders = [
    \\"Signature\\": apiKey,
]




// Get API Status
ApiStatusAPI.check() { (response, error) in
    guard error == nil else {
        print(error!)
        return
    }

    if response != nil {
        dump(response)
    }
}

\`\`\`

## API Endpoints

All URIs are relative to *https://api.snaptrade.com/api/v1*

Class | Method | HTTP request | Description
------------ | ------------- | ------------- | -------------
*ApiStatusAPI* | [**check**](docs/ApiStatusAPI.md#check) | **GET** / | Get API Status
*AccountInformationAPI* | [**getAllUserHoldings**](docs/AccountInformationAPI.md#getalluserholdings) | **GET** /holdings | List all accounts for the user, plus balances, positions, and orders for each account.
*AccountInformationAPI* | [**getUserAccountBalance**](docs/AccountInformationAPI.md#getuseraccountbalance) | **GET** /accounts/{accountId}/balances | List account balances
*AccountInformationAPI* | [**getUserAccountDetails**](docs/AccountInformationAPI.md#getuseraccountdetails) | **GET** /accounts/{accountId} | Return details of a specific investment account
*AccountInformationAPI* | [**getUserAccountOrders**](docs/AccountInformationAPI.md#getuseraccountorders) | **GET** /accounts/{accountId}/orders | List account orders
*AccountInformationAPI* | [**getUserAccountPositions**](docs/AccountInformationAPI.md#getuseraccountpositions) | **GET** /accounts/{accountId}/positions | List account positions
*AccountInformationAPI* | [**getUserHoldings**](docs/AccountInformationAPI.md#getuserholdings) | **GET** /accounts/{accountId}/holdings | List balances, positions and orders for the specified account
*AccountInformationAPI* | [**listUserAccounts**](docs/AccountInformationAPI.md#listuseraccounts) | **GET** /accounts | List accounts
*AccountInformationAPI* | [**updateUserAccount**](docs/AccountInformationAPI.md#updateuseraccount) | **PUT** /accounts/{accountId} | Update details of an investment account
*AuthenticationAPI* | [**deleteSnapTradeUser**](docs/AuthenticationAPI.md#deletesnaptradeuser) | **DELETE** /snapTrade/deleteUser | Delete SnapTrade user
*AuthenticationAPI* | [**getUserJWT**](docs/AuthenticationAPI.md#getuserjwt) | **GET** /snapTrade/encryptedJWT | Generate encrypted JWT token
*AuthenticationAPI* | [**listSnapTradeUsers**](docs/AuthenticationAPI.md#listsnaptradeusers) | **GET** /snapTrade/listUsers | List SnapTrade users
*AuthenticationAPI* | [**loginSnapTradeUser**](docs/AuthenticationAPI.md#loginsnaptradeuser) | **POST** /snapTrade/login | Login user &amp; generate connection link
*AuthenticationAPI* | [**registerSnapTradeUser**](docs/AuthenticationAPI.md#registersnaptradeuser) | **POST** /snapTrade/registerUser | Create SnapTrade user
*AuthenticationAPI* | [**resetSnapTradeUserSecret**](docs/AuthenticationAPI.md#resetsnaptradeusersecret) | **POST** /snapTrade/resetUserSecret | Obtain a new user secret for a user
*ConnectionsAPI* | [**detailBrokerageAuthorization**](docs/ConnectionsAPI.md#detailbrokerageauthorization) | **GET** /authorizations/{authorizationId} | Get brokerage authorization details
*ConnectionsAPI* | [**listBrokerageAuthorizations**](docs/ConnectionsAPI.md#listbrokerageauthorizations) | **GET** /authorizations | List all brokerage authorizations for the user
*ConnectionsAPI* | [**removeBrokerageAuthorization**](docs/ConnectionsAPI.md#removebrokerageauthorization) | **DELETE** /authorizations/{authorizationId} | Delete brokerage authorization
*ConnectionsAPI* | [**sessionEvents**](docs/ConnectionsAPI.md#sessionevents) | **GET** /sessionEvents | List all session events for the partner
*ErrorLogsAPI* | [**listUserErrors**](docs/ErrorLogsAPI.md#listusererrors) | **GET** /snapTrade/listUserErrors | Retrieve error logs on behalf of your SnapTrade users
*OptionsAPI* | [**getOptionStrategy**](docs/OptionsAPI.md#getoptionstrategy) | **POST** /accounts/{accountId}/optionStrategy | Creates an option strategy object that will be used to place an option strategy order
*OptionsAPI* | [**getOptionsChain**](docs/OptionsAPI.md#getoptionschain) | **GET** /accounts/{accountId}/optionsChain | Get the options chain
*OptionsAPI* | [**getOptionsStrategyQuote**](docs/OptionsAPI.md#getoptionsstrategyquote) | **GET** /accounts/{accountId}/optionStrategy/{optionStrategyId} | Get latest market data of option strategy
*OptionsAPI* | [**listOptionHoldings**](docs/OptionsAPI.md#listoptionholdings) | **GET** /accounts/{accountId}/options | Get the options holdings in the account
*OptionsAPI* | [**placeOptionStrategy**](docs/OptionsAPI.md#placeoptionstrategy) | **POST** /accounts/{accountId}/optionStrategy/{optionStrategyId}/execute | Place an option strategy order on the brokerage
*ReferenceDataAPI* | [**getCurrencyExchangeRatePair**](docs/ReferenceDataAPI.md#getcurrencyexchangeratepair) | **GET** /currencies/rates/{currencyPair} | Return the exchange rate of a currency pair
*ReferenceDataAPI* | [**getPartnerInfo**](docs/ReferenceDataAPI.md#getpartnerinfo) | **GET** /snapTrade/partners | Get metadata related to Snaptrade partner
*ReferenceDataAPI* | [**getSecurityTypes**](docs/ReferenceDataAPI.md#getsecuritytypes) | **GET** /securityTypes | List of all security types
*ReferenceDataAPI* | [**getStockExchanges**](docs/ReferenceDataAPI.md#getstockexchanges) | **GET** /exchanges | List exchanges
*ReferenceDataAPI* | [**getSymbols**](docs/ReferenceDataAPI.md#getsymbols) | **POST** /symbols | Search for symbols
*ReferenceDataAPI* | [**getSymbolsByTicker**](docs/ReferenceDataAPI.md#getsymbolsbyticker) | **GET** /symbols/{query} | Get details of a symbol by the ticker or the universal_symbol_id
*ReferenceDataAPI* | [**listAllBrokerageAuthorizationType**](docs/ReferenceDataAPI.md#listallbrokerageauthorizationtype) | **GET** /brokerageAuthorizationTypes | List of all brokerage authorization types
*ReferenceDataAPI* | [**listAllBrokerages**](docs/ReferenceDataAPI.md#listallbrokerages) | **GET** /brokerages | List brokerages
*ReferenceDataAPI* | [**listAllCurrencies**](docs/ReferenceDataAPI.md#listallcurrencies) | **GET** /currencies | List currencies
*ReferenceDataAPI* | [**listAllCurrenciesRates**](docs/ReferenceDataAPI.md#listallcurrenciesrates) | **GET** /currencies/rates | List currency exchange rates
*ReferenceDataAPI* | [**symbolSearchUserAccount**](docs/ReferenceDataAPI.md#symbolsearchuseraccount) | **POST** /accounts/{accountId}/symbols | Search for symbols available in an account
*TradingAPI* | [**cancelUserAccountOrder**](docs/TradingAPI.md#canceluseraccountorder) | **POST** /accounts/{accountId}/orders/cancel | Cancel open order in account
*TradingAPI* | [**getOrderImpact**](docs/TradingAPI.md#getorderimpact) | **POST** /trade/impact | Check impact of trades on account.
*TradingAPI* | [**getUserAccountQuotes**](docs/TradingAPI.md#getuseraccountquotes) | **GET** /accounts/{accountId}/quotes | Get symbol quotes
*TradingAPI* | [**placeForceOrder**](docs/TradingAPI.md#placeforceorder) | **POST** /trade/place | Place a trade with NO validation.
*TradingAPI* | [**placeOCOOrder**](docs/TradingAPI.md#placeocoorder) | **POST** /trade/oco | Place a OCO (One Cancels Other) order
*TradingAPI* | [**placeOrder**](docs/TradingAPI.md#placeorder) | **POST** /trade/{tradeId} | Place order
*TransactionsAndReportingAPI* | [**getActivities**](docs/TransactionsAndReportingAPI.md#getactivities) | **GET** /activities | Get transaction history for a user
*TransactionsAndReportingAPI* | [**getReportingCustomRange**](docs/TransactionsAndReportingAPI.md#getreportingcustomrange) | **GET** /performance/custom | Get performance information for a specific timeframe


## Models

 - [Account](docs/Account.md)
 - [AccountBalance](docs/AccountBalance.md)
 - [AccountBalanceTotal](docs/AccountBalanceTotal.md)
 - [AccountHoldings](docs/AccountHoldings.md)
 - [AccountHoldingsAccount](docs/AccountHoldingsAccount.md)
 - [AccountOrderRecord](docs/AccountOrderRecord.md)
 - [AccountOrderRecordStatus](docs/AccountOrderRecordStatus.md)
 - [AccountSimple](docs/AccountSimple.md)
 - [AccountSyncStatus](docs/AccountSyncStatus.md)
 - [Action](docs/Action.md)
 - [Amount](docs/Amount.md)
 - [AuthenticationLoginSnapTradeUser200Response](docs/AuthenticationLoginSnapTradeUser200Response.md)
 - [Balance](docs/Balance.md)
 - [Brokerage](docs/Brokerage.md)
 - [BrokerageAuthorization](docs/BrokerageAuthorization.md)
 - [BrokerageAuthorizationType](docs/BrokerageAuthorizationType.md)
 - [BrokerageAuthorizationTypeReadOnly](docs/BrokerageAuthorizationTypeReadOnly.md)
 - [BrokerageAuthorizationTypeReadOnlyBrokerage](docs/BrokerageAuthorizationTypeReadOnlyBrokerage.md)
 - [BrokerageSymbol](docs/BrokerageSymbol.md)
 - [BrokerageSymbolOptionSymbol](docs/BrokerageSymbolOptionSymbol.md)
 - [BrokerageSymbolSymbol](docs/BrokerageSymbolSymbol.md)
 - [BrokerageType](docs/BrokerageType.md)
 - [CalculatedTrade](docs/CalculatedTrade.md)
 - [CashRestriction](docs/CashRestriction.md)
 - [ConnectionsSessionEvents200ResponseInner](docs/ConnectionsSessionEvents200ResponseInner.md)
 - [Currency](docs/Currency.md)
 - [DeleteUserResponse](docs/DeleteUserResponse.md)
 - [DividendAtDate](docs/DividendAtDate.md)
 - [EncryptedResponse](docs/EncryptedResponse.md)
 - [EncryptedResponseEncryptedMessageData](docs/EncryptedResponseEncryptedMessageData.md)
 - [Exchange](docs/Exchange.md)
 - [ExchangeRatePairs](docs/ExchangeRatePairs.md)
 - [ExcludedAsset](docs/ExcludedAsset.md)
 - [JWT](docs/JWT.md)
 - [LoginRedirectURI](docs/LoginRedirectURI.md)
 - [ManualTrade](docs/ManualTrade.md)
 - [ManualTradeAndImpact](docs/ManualTradeAndImpact.md)
 - [ManualTradeBalance](docs/ManualTradeBalance.md)
 - [ManualTradeForm](docs/ManualTradeForm.md)
 - [ManualTradeSymbol](docs/ManualTradeSymbol.md)
 - [Model400FailedRequestResponse](docs/Model400FailedRequestResponse.md)
 - [Model401FailedRequestResponse](docs/Model401FailedRequestResponse.md)
 - [Model403FailedRequestResponse](docs/Model403FailedRequestResponse.md)
 - [Model404FailedRequestResponse](docs/Model404FailedRequestResponse.md)
 - [Model500UnexpectedExceptionResponse](docs/Model500UnexpectedExceptionResponse.md)
 - [ModelAssetClass](docs/ModelAssetClass.md)
 - [ModelAssetClassDetails](docs/ModelAssetClassDetails.md)
 - [ModelAssetClassTarget](docs/ModelAssetClassTarget.md)
 - [ModelPortfolio](docs/ModelPortfolio.md)
 - [ModelPortfolioAssetClass](docs/ModelPortfolioAssetClass.md)
 - [ModelPortfolioDetails](docs/ModelPortfolioDetails.md)
 - [ModelPortfolioSecurity](docs/ModelPortfolioSecurity.md)
 - [MonthlyDividends](docs/MonthlyDividends.md)
 - [NetContributions](docs/NetContributions.md)
 - [NetDividend](docs/NetDividend.md)
 - [OptionChainInner](docs/OptionChainInner.md)
 - [OptionChainInnerChainPerRootInner](docs/OptionChainInnerChainPerRootInner.md)
 - [OptionChainInnerChainPerRootInnerChainPerStrikePriceInner](docs/OptionChainInnerChainPerRootInnerChainPerStrikePriceInner.md)
 - [OptionLeg](docs/OptionLeg.md)
 - [OptionStrategy](docs/OptionStrategy.md)
 - [OptionStrategyLegsInner](docs/OptionStrategyLegsInner.md)
 - [OptionsGetOptionStrategyRequest](docs/OptionsGetOptionStrategyRequest.md)
 - [OptionsHoldings](docs/OptionsHoldings.md)
 - [OptionsPlaceOptionStrategyRequest](docs/OptionsPlaceOptionStrategyRequest.md)
 - [OptionsPosition](docs/OptionsPosition.md)
 - [OptionsPositionCurrency](docs/OptionsPositionCurrency.md)
 - [OptionsSymbol](docs/OptionsSymbol.md)
 - [OrderType](docs/OrderType.md)
 - [PartnerData](docs/PartnerData.md)
 - [PastValue](docs/PastValue.md)
 - [PerformanceCustom](docs/PerformanceCustom.md)
 - [PortfolioGroup](docs/PortfolioGroup.md)
 - [PortfolioGroupInfo](docs/PortfolioGroupInfo.md)
 - [PortfolioGroupPosition](docs/PortfolioGroupPosition.md)
 - [PortfolioGroupSettings](docs/PortfolioGroupSettings.md)
 - [Position](docs/Position.md)
 - [PositionSymbol](docs/PositionSymbol.md)
 - [RedirectTokenandPin](docs/RedirectTokenandPin.md)
 - [SecurityType](docs/SecurityType.md)
 - [SessionEvent](docs/SessionEvent.md)
 - [SnapTradeAPIDisclaimerAcceptStatus](docs/SnapTradeAPIDisclaimerAcceptStatus.md)
 - [SnapTradeHoldingsAccount](docs/SnapTradeHoldingsAccount.md)
 - [SnapTradeHoldingsAccountAccountId](docs/SnapTradeHoldingsAccountAccountId.md)
 - [SnapTradeHoldingsTotalValue](docs/SnapTradeHoldingsTotalValue.md)
 - [SnapTradeLoginUserRequestBody](docs/SnapTradeLoginUserRequestBody.md)
 - [SnapTradeRegisterUserRequestBody](docs/SnapTradeRegisterUserRequestBody.md)
 - [Status](docs/Status.md)
 - [StrategyImpact](docs/StrategyImpact.md)
 - [StrategyImpactLegsInner](docs/StrategyImpactLegsInner.md)
 - [StrategyOrderPlace](docs/StrategyOrderPlace.md)
 - [StrategyOrderPlaceOrdersInner](docs/StrategyOrderPlaceOrdersInner.md)
 - [StrategyOrderPlaceOrdersInnerLegsInner](docs/StrategyOrderPlaceOrdersInnerLegsInner.md)
 - [StrategyOrderRecord](docs/StrategyOrderRecord.md)
 - [StrategyQuotes](docs/StrategyQuotes.md)
 - [StrategyQuotesGreek](docs/StrategyQuotesGreek.md)
 - [SubPeriodReturnRate](docs/SubPeriodReturnRate.md)
 - [Symbol](docs/Symbol.md)
 - [SymbolQuery](docs/SymbolQuery.md)
 - [SymbolsQuotesInner](docs/SymbolsQuotesInner.md)
 - [TargetAsset](docs/TargetAsset.md)
 - [TimeInForceStrict](docs/TimeInForceStrict.md)
 - [Trade](docs/Trade.md)
 - [TradeExecutionStatus](docs/TradeExecutionStatus.md)
 - [TradeImpact](docs/TradeImpact.md)
 - [TradingCancelUserAccountOrderRequest](docs/TradingCancelUserAccountOrderRequest.md)
 - [TradingPlaceOCOOrderRequest](docs/TradingPlaceOCOOrderRequest.md)
 - [TransactionsStatus](docs/TransactionsStatus.md)
 - [USExchange](docs/USExchange.md)
 - [UnderlyingSymbol](docs/UnderlyingSymbol.md)
 - [UniversalActivity](docs/UniversalActivity.md)
 - [UniversalSymbol](docs/UniversalSymbol.md)
 - [UserErrorLog](docs/UserErrorLog.md)
 - [UserIDandSecret](docs/UserIDandSecret.md)
 - [UserSettings](docs/UserSettings.md)


## Authorization


## PartnerClientId

- **Type**: API key
- **API key parameter name**: clientId
- **Location**: URL query string
## PartnerSignature

- **Type**: API key
- **API key parameter name**: Signature
- **Location**: HTTP header

\`\`\`swift 
import SnapTrade


let apiKey = ProcessInfo.processInfo.environment[\\"API_KEY\\"]!
SnapTradeAPI.customHeaders = [
    \\"Signature\\": apiKey,
]
\`\`\`

## PartnerTimestamp

- **Type**: API key
- **API key parameter name**: timestamp
- **Location**: URL query string
"
`;
