// Vitest Snapshot v1, https://vitest.dev/guide/snapshot.html

exports[`typescript-multiple-securities-for-single-parameter-that-should-be-security 1`] = `
"# typescript-multiple-securities-for-single-parameter-that-should-be-security<a id="typescript-multiple-securities-for-single-parameter-that-should-be-security"></a>

A simple API based for testing typescript-multiple-securities-for-single-parameter-that-should-be-security.

[![npm](https://img.shields.io/badge/npm-v1.0.0-blue)](https://www.npmjs.com/package/typescript-multiple-securities-for-single-parameter-that-should-be-security/v/1.0.0)
[![More Info](https://img.shields.io/badge/More%20Info-Click%20Here-orange)](http://example.com/support)

## Table of Contents<a id="table-of-contents"></a>

<!-- toc -->

- [Installation](#installation)
- [Getting Started](#getting-started)
- [Reference](#reference)
  * [\`typescriptmultiplesecuritiesforsingleparameterthatshouldbesecurityclient.test.fetch\`](#typescriptmultiplesecuritiesforsingleparameterthatshouldbesecurityclienttestfetch)

<!-- tocstop -->

## Installation<a id="installation"></a>

<table>
<tr>
<th width="292px"><code>npm</code></th>
<th width="293px"><code>pnpm</code></th>
<th width="292px"><code>yarn</code></th>
</tr>
<tr>
<td>

\`\`\`bash
npm i typescript-multiple-securities-for-single-parameter-that-should-be-security
\`\`\`

</td>
<td>

\`\`\`bash
pnpm i typescript-multiple-securities-for-single-parameter-that-should-be-security
\`\`\`

</td>
<td>

\`\`\`bash
yarn add typescript-multiple-securities-for-single-parameter-that-should-be-security
\`\`\`

</td>
</tr>
</table>

## Getting Started<a id="getting-started"></a>

\`\`\`typescript
import { TypescriptMultipleSecuritiesForSingleParameterThatShouldBeSecurityClient } from "typescript-multiple-securities-for-single-parameter-that-should-be-security";

const typescriptmultiplesecuritiesforsingleparameterthatshouldbesecurityclient =
  new TypescriptMultipleSecuritiesForSingleParameterThatShouldBeSecurityClient({
    // Defining the base path is optional and defaults to https://typescript-multiple-securities-for-single-parameter-that-should-be-security.konfigthis.com
    // basePath: "https://typescript-multiple-securities-for-single-parameter-that-should-be-security.konfigthis.com",
    accessToken: "ACCESS_TOKEN",
    xFlytApiKey: "API_KEY",
    apiKey: "API_KEY",
    accessToken: "ACCESS_TOKEN",
    accessToken: "ACCESS_TOKEN",
  });

const fetchResponse =
  await typescriptmultiplesecuritiesforsingleparameterthatshouldbesecurityclient.test.fetch();

console.log(fetchResponse);
\`\`\`

## Reference<a id="reference"></a>


### \`typescriptmultiplesecuritiesforsingleparameterthatshouldbesecurityclient.test.fetch\`<a id="typescriptmultiplesecuritiesforsingleparameterthatshouldbesecurityclienttestfetch"></a>

Provide an input parameter to receive a JSON value with properties.

#### üõ†Ô∏è Usage<a id="üõ†Ô∏è-usage"></a>

\`\`\`typescript
const fetchResponse =
  await typescriptmultiplesecuritiesforsingleparameterthatshouldbesecurityclient.test.fetch();
\`\`\`

#### üåê Endpoint<a id="üåê-endpoint"></a>

\`/simple-endpoint\` \`GET\`

[üîô **Back to Table of Contents**](#table-of-contents)

---


## Author<a id="author"></a>
This TypeScript package is automatically generated by [Konfig](https://konfigthis.com)
"
`;
