// Vitest Snapshot v1, https://vitest.dev/guide/snapshot.html

exports[`typescript-deeply-nested-all-of-singleton 1`] = `
"# typescript-deeply-nested-all-of-singleton<a id="typescript-deeply-nested-all-of-singleton"></a>

A simple API based for testing typescript-deeply-nested-all-of-singleton.

[![npm](https://img.shields.io/badge/npm-v1.0.0-blue)](https://www.npmjs.com/package/typescript-deeply-nested-all-of-singleton/v/1.0.0)
[![More Info](https://img.shields.io/badge/More%20Info-Click%20Here-orange)](http://example.com/support)

## Table of Contents<a id="table-of-contents"></a>

<!-- toc -->

- [Installation](#installation)
- [Getting Started](#getting-started)
- [Reference](#reference)
  * [\`typescriptdeeplynestedallofsingletonclient.test.fetch\`](#typescriptdeeplynestedallofsingletonclienttestfetch)

<!-- tocstop -->

## Installation<a id="installation"></a>

<table>
<tr>
<th width="292px"><code>npm</code></th>
<th width="293px"><code>pnpm</code></th>
<th width="292px"><code>yarn</code></th>
</tr>
<tr>
<td>

\`\`\`bash
npm i typescript-deeply-nested-all-of-singleton
\`\`\`

</td>
<td>

\`\`\`bash
pnpm i typescript-deeply-nested-all-of-singleton
\`\`\`

</td>
<td>

\`\`\`bash
yarn add typescript-deeply-nested-all-of-singleton
\`\`\`

</td>
</tr>
</table>

## Getting Started<a id="getting-started"></a>

\`\`\`typescript
import { TypescriptDeeplyNestedAllOfSingletonClient } from "typescript-deeply-nested-all-of-singleton";

const typescriptdeeplynestedallofsingletonclient =
  new TypescriptDeeplyNestedAllOfSingletonClient({
    // Defining the base path is optional and defaults to https://typescript-deeply-nested-all-of-singleton.konfigthis.com
    // basePath: "https://typescript-deeply-nested-all-of-singleton.konfigthis.com",
    apiKey: "API_KEY",
  });

const fetchResponse =
  await typescriptdeeplynestedallofsingletonclient.test.fetch();

console.log(fetchResponse);
\`\`\`

## Reference<a id="reference"></a>


### \`typescriptdeeplynestedallofsingletonclient.test.fetch\`<a id="typescriptdeeplynestedallofsingletonclienttestfetch"></a>

Provide an input parameter to receive a JSON value with properties.

#### üõ†Ô∏è Usage<a id="üõ†Ô∏è-usage"></a>

\`\`\`typescript
const fetchResponse =
  await typescriptdeeplynestedallofsingletonclient.test.fetch();
\`\`\`

#### üåê Endpoint<a id="üåê-endpoint"></a>

\`/simple-endpoint\` \`GET\`

[üîô **Back to Table of Contents**](#table-of-contents)

---


## Author<a id="author"></a>
This TypeScript package is automatically generated by [Konfig](https://konfigthis.com)
"
`;
