// Vitest Snapshot v1, https://vitest.dev/guide/snapshot.html

exports[`typescript-oauth-token 1`] = `
"# typescript-oauth-token<a id=\\"typescript-oauth-token\\"></a>

A simple API based for testing typescript-oauth-token.

[![npm](https://img.shields.io/badge/npm-v1.0.0-blue)](https://www.npmjs.com/package/typescript-oauth-token/v/1.0.0)
[![More Info](https://img.shields.io/badge/More%20Info-Click%20Here-orange)](http://example.com/support)

## Table of Contents<a id=\\"table-of-contents\\"></a>

<!-- toc -->

- [Installation](#installation)
- [Getting Started](#getting-started)
- [Reference](#reference)
  * [\`typescriptoauthtokenclient.test.fetch\`](#typescriptoauthtokenclienttestfetch)

<!-- tocstop -->

## Installation<a id=\\"installation\\"></a>

<table>
<tr>
<th width=\\"292px\\"><code>npm</code></th>
<th width=\\"293px\\"><code>pnpm</code></th>
<th width=\\"292px\\"><code>yarn</code></th>
</tr>
<tr>
<td>

\`\`\`bash
npm i typescript-oauth-token
\`\`\`

</td>
<td>

\`\`\`bash
pnpm i typescript-oauth-token
\`\`\`

</td>
<td>

\`\`\`bash
yarn add typescript-oauth-token
\`\`\`

</td>
</tr>
</table>

## Getting Started<a id=\\"getting-started\\"></a>

\`\`\`typescript
import { TypescriptOauthTokenClient } from \\"typescript-oauth-token\\";

const typescriptoauthtokenclient = new TypescriptOauthTokenClient({
  // Defining the base path is optional and defaults to https://typescript-oauth-token.konfigthis.com
  // basePath: \\"https://typescript-oauth-token.konfigthis.com\\",
  oauthClientId: \\"CLIENT_ID\\",
  oauthClientSecret: \\"CLIENT_SECRET\\",
});

const fetchResponse = await typescriptoauthtokenclient.test.fetch();

console.log(fetchResponse);
\`\`\`

## Reference<a id=\\"reference\\"></a>


### \`typescriptoauthtokenclient.test.fetch\`<a id=\\"typescriptoauthtokenclienttestfetch\\"></a>

Provide an input parameter to receive a JSON value with properties.

#### üõ†Ô∏è Usage<a id=\\"üõ†Ô∏è-usage\\"></a>

\`\`\`typescript
const fetchResponse = await typescriptoauthtokenclient.test.fetch();
\`\`\`

#### üåê Endpoint<a id=\\"üåê-endpoint\\"></a>

\`/test\` \`GET\`

[üîô **Back to Table of Contents**](#table-of-contents)

---


## Author<a id=\\"author\\"></a>
This TypeScript package is automatically generated by [Konfig](https://konfigthis.com)
"
`;
