// Vitest Snapshot v1, https://vitest.dev/guide/snapshot.html

exports[`typescript-query-params-not-included-in-body 1`] = `
"# typescript-query-params-not-included-in-body<a id=\\"typescript-query-params-not-included-in-body\\"></a>

A simple API.

[![npm](https://img.shields.io/badge/npm-v1.0.0-blue)](https://www.npmjs.com/package/typescript-query-params-not-included-in-body/v/1.0.0)
[![More Info](https://img.shields.io/badge/More%20Info-Click%20Here-orange)](http://example.com/support)

## Table of Contents<a id=\\"table-of-contents\\"></a>

<!-- toc -->

- [Installation](#installation)
- [Getting Started](#getting-started)
- [Reference](#reference)
  * [\`typescriptqueryparamsnotincludedinbodyclient.test.test\`](#typescriptqueryparamsnotincludedinbodyclienttesttest)

<!-- tocstop -->

## Installation<a id=\\"installation\\"></a>

<table>
<tr>
<th width=\\"292px\\"><code>npm</code></th>
<th width=\\"293px\\"><code>pnpm</code></th>
<th width=\\"292px\\"><code>yarn</code></th>
</tr>
<tr>
<td>

\`\`\`bash
npm i typescript-query-params-not-included-in-body
\`\`\`

</td>
<td>

\`\`\`bash
pnpm i typescript-query-params-not-included-in-body
\`\`\`

</td>
<td>

\`\`\`bash
yarn add typescript-query-params-not-included-in-body
\`\`\`

</td>
</tr>
</table>

## Getting Started<a id=\\"getting-started\\"></a>

\`\`\`typescript
import { TypescriptQueryParamsNotIncludedInBodyClient } from \\"typescript-query-params-not-included-in-body\\";

const typescriptqueryparamsnotincludedinbodyclient =
  new TypescriptQueryParamsNotIncludedInBodyClient({
    // Defining the base path is optional and defaults to https://test.konfigthis.com
    // basePath: \\"https://test.konfigthis.com\\",
    apiKey: \\"API_KEY\\",
  });

const testResponse =
  await typescriptqueryparamsnotincludedinbodyclient.test.test({
    queryParam1: \\"queryParam1_example\\",
    bodyParam1: \\"bodyParam1_example\\",
    bodyParam2: \\"bodyParam2_example\\",
  });

console.log(testResponse);
\`\`\`

## Reference<a id=\\"reference\\"></a>


### \`typescriptqueryparamsnotincludedinbodyclient.test.test\`<a id=\\"typescriptqueryparamsnotincludedinbodyclienttesttest\\"></a>

Test that query params are not included in body

#### üõ†Ô∏è Usage<a id=\\"üõ†Ô∏è-usage\\"></a>

\`\`\`typescript
const testResponse =
  await typescriptqueryparamsnotincludedinbodyclient.test.test({
    queryParam1: \\"queryParam1_example\\",
    bodyParam1: \\"bodyParam1_example\\",
    bodyParam2: \\"bodyParam2_example\\",
  });
\`\`\`

#### ‚öôÔ∏è Parameters<a id=\\"‚öôÔ∏è-parameters\\"></a>

##### bodyParam1: \`string\`<a id=\\"bodyparam1-string\\"></a>

Body param 1

##### bodyParam2: \`string\`<a id=\\"bodyparam2-string\\"></a>

Body param 2

##### queryParam1: \`string\`<a id=\\"queryparam1-string\\"></a>

##### queryParam2: \`string\`<a id=\\"queryparam2-string\\"></a>

#### üåê Endpoint<a id=\\"üåê-endpoint\\"></a>

\`/test\` \`POST\`

[üîô **Back to Table of Contents**](#table-of-contents)

---


## Author<a id=\\"author\\"></a>
This TypeScript package is automatically generated by [Konfig](https://konfigthis.com)
"
`;
