// Vitest Snapshot v1, https://vitest.dev/guide/snapshot.html

exports[`typescript-optional-api-key 1`] = `
"# typescript-optional-api-key<a id=\\"typescript-optional-api-key\\"></a>

A simple API based for testing typescript-optional-api-key.

[![npm](https://img.shields.io/badge/npm-v1.0.0-blue)](https://www.npmjs.com/package/typescript-optional-api-key/v/1.0.0)
[![More Info](https://img.shields.io/badge/More%20Info-Click%20Here-orange)](http://example.com/support)

## Table of Contents<a id=\\"table-of-contents\\"></a>

<!-- toc -->

- [Installing](#installing)
  * [npm](#npm)
  * [yarn](#yarn)
- [Getting Started](#getting-started)
- [Reference](#reference)
  * [\`typescriptoptionalapikey.test.fetch\`](#typescriptoptionalapikeytestfetch)
  * [\`typescriptoptionalapikey.test.fetchNoSecurity\`](#typescriptoptionalapikeytestfetchnosecurity)

<!-- tocstop -->

## Installing<a id=\\"installing\\"></a>

### npm<a id=\\"npm\\"></a>
\`\`\`
npm install typescript-optional-api-key --save
\`\`\`

### yarn<a id=\\"yarn\\"></a>
\`\`\`
yarn add typescript-optional-api-key
\`\`\`

## Getting Started<a id=\\"getting-started\\"></a>

\`\`\`typescript
import { TypescriptOptionalApiKey } from \\"typescript-optional-api-key\\";

const typescriptoptionalapikey = new TypescriptOptionalApiKey({
  // Defining the base path is optional and defaults to https://typescript-optional-api-key.konfigthis.com
  // basePath: \\"https://typescript-optional-api-key.konfigthis.com\\",
  apiKey: \\"API_KEY\\",
});

const fetchResponse = await typescriptoptionalapikey.test.fetch();

console.log(fetchResponse);
\`\`\`

## Reference<a id=\\"reference\\"></a>


### \`typescriptoptionalapikey.test.fetch\`<a id=\\"typescriptoptionalapikeytestfetch\\"></a>

Provide an input parameter to receive a JSON value with properties.

#### üõ†Ô∏è Usage<a id=\\"üõ†Ô∏è-usage\\"></a>

\`\`\`typescript
const fetchResponse = await typescriptoptionalapikey.test.fetch();
\`\`\`

#### üåê Endpoint<a id=\\"üåê-endpoint\\"></a>

\`/simple-endpoint\` \`GET\`

[üîô **Back to Table of Contents**](#table-of-contents)

---


### \`typescriptoptionalapikey.test.fetchNoSecurity\`<a id=\\"typescriptoptionalapikeytestfetchnosecurity\\"></a>

Provide an input parameter to receive a JSON value with properties.

#### üõ†Ô∏è Usage<a id=\\"üõ†Ô∏è-usage\\"></a>

\`\`\`typescript
const fetchNoSecurityResponse =
  await typescriptoptionalapikey.test.fetchNoSecurity();
\`\`\`

#### üåê Endpoint<a id=\\"üåê-endpoint\\"></a>

\`/endpoint-with-no-security\` \`GET\`

[üîô **Back to Table of Contents**](#table-of-contents)

---


## Author<a id=\\"author\\"></a>
This TypeScript package is automatically generated by [Konfig](https://konfigthis.com)
"
`;
