// Vitest Snapshot v1, https://vitest.dev/guide/snapshot.html

exports[`typescript-retry-429 1`] = `
"# typescript-retry-429<a id="typescript-retry-429"></a>

A simple API based for testing typescript-retry-429.

[![npm](https://img.shields.io/badge/npm-v1.0.0-blue)](https://www.npmjs.com/package/typescript-retry-429/v/1.0.0)
[![More Info](https://img.shields.io/badge/More%20Info-Click%20Here-orange)](http://example.com/support)

## Table of Contents<a id="table-of-contents"></a>

<!-- toc -->

- [Installation](#installation)
- [Getting Started](#getting-started)
- [Reference](#reference)
  * [\`typescriptretry429client.test.fetch\`](#typescriptretry429clienttestfetch)

<!-- tocstop -->

## Installation<a id="installation"></a>

<table>
<tr>
<th width="292px"><code>npm</code></th>
<th width="293px"><code>pnpm</code></th>
<th width="292px"><code>yarn</code></th>
</tr>
<tr>
<td>

\`\`\`bash
npm i typescript-retry-429
\`\`\`

</td>
<td>

\`\`\`bash
pnpm i typescript-retry-429
\`\`\`

</td>
<td>

\`\`\`bash
yarn add typescript-retry-429
\`\`\`

</td>
</tr>
</table>

## Getting Started<a id="getting-started"></a>

\`\`\`typescript
import { TypescriptRetry429Client } from "typescript-retry-429";

const typescriptretry429client = new TypescriptRetry429Client({
  // Defining the base path is optional and defaults to https://typescript-retry-429.konfigthis.com
  // basePath: "https://typescript-retry-429.konfigthis.com",
  apiKey: "API_KEY",
});

const fetchResponse = await typescriptretry429client.test.fetch();

console.log(fetchResponse);
\`\`\`

## Reference<a id="reference"></a>


### \`typescriptretry429client.test.fetch\`<a id="typescriptretry429clienttestfetch"></a>

Provide an input parameter to receive a JSON value with properties.

#### üõ†Ô∏è Usage<a id="üõ†Ô∏è-usage"></a>

\`\`\`typescript
const fetchResponse = await typescriptretry429client.test.fetch();
\`\`\`

#### üåê Endpoint<a id="üåê-endpoint"></a>

\`/simple-endpoint\` \`GET\`

[üîô **Back to Table of Contents**](#table-of-contents)

---


## Author<a id="author"></a>
This TypeScript package is automatically generated by [Konfig](https://konfigthis.com)
"
`;
