// Vitest Snapshot v1, https://vitest.dev/guide/snapshot.html

exports[`typescript-self-referencing-infinite-loop 1`] = `
"# typescript-self-referencing-infinite-loop<a id=\\"typescript-self-referencing-infinite-loop\\"></a>

A simple API based for testing typescript-self-referencing-infinite-loop.

[![npm](https://img.shields.io/badge/npm-v1.0.0-blue)](https://www.npmjs.com/package/typescript-self-referencing-infinite-loop/v/1.0.0)
[![More Info](https://img.shields.io/badge/More%20Info-Click%20Here-orange)](http://example.com/support)

## Table of Contents<a id=\\"table-of-contents\\"></a>

<!-- toc -->

- [Installation](#installation)
- [Getting Started](#getting-started)
- [Reference](#reference)
  * [\`typescriptselfreferencinginfiniteloopclient.test.fetch\`](#typescriptselfreferencinginfiniteloopclienttestfetch)

<!-- tocstop -->

## Installation<a id=\\"installation\\"></a>

<table>
<tr>
<th width=\\"292px\\"><code>npm</code></th>
<th width=\\"293px\\"><code>pnpm</code></th>
<th width=\\"292px\\"><code>yarn</code></th>
</tr>
<tr>
<td>

\`\`\`bash
npm i typescript-self-referencing-infinite-loop
\`\`\`

</td>
<td>

\`\`\`bash
pnpm i typescript-self-referencing-infinite-loop
\`\`\`

</td>
<td>

\`\`\`bash
yarn add typescript-self-referencing-infinite-loop
\`\`\`

</td>
</tr>
</table>

## Getting Started<a id=\\"getting-started\\"></a>

\`\`\`typescript
import { TypescriptSelfReferencingInfiniteLoopClient } from \\"typescript-self-referencing-infinite-loop\\";

const typescriptselfreferencinginfiniteloopclient =
  new TypescriptSelfReferencingInfiniteLoopClient({
    // Defining the base path is optional and defaults to https://typescript-self-referencing-infinite-loop.konfigthis.com
    // basePath: \\"https://typescript-self-referencing-infinite-loop.konfigthis.com\\",
    apiKey: \\"API_KEY\\",
  });

const fetchResponse =
  await typescriptselfreferencinginfiniteloopclient.test.fetch();

console.log(fetchResponse);
\`\`\`

## Reference<a id=\\"reference\\"></a>


### \`typescriptselfreferencinginfiniteloopclient.test.fetch\`<a id=\\"typescriptselfreferencinginfiniteloopclienttestfetch\\"></a>

Provide an input parameter to receive a JSON value with properties.

#### üõ†Ô∏è Usage<a id=\\"üõ†Ô∏è-usage\\"></a>

\`\`\`typescript
const fetchResponse =
  await typescriptselfreferencinginfiniteloopclient.test.fetch();
\`\`\`

#### üîÑ Return<a id=\\"üîÑ-return\\"></a>

[TestFetchResponse](./models/test-fetch-response.ts)

#### üåê Endpoint<a id=\\"üåê-endpoint\\"></a>

\`/simple-endpoint\` \`GET\`

[üîô **Back to Table of Contents**](#table-of-contents)

---


## Author<a id=\\"author\\"></a>
This TypeScript package is automatically generated by [Konfig](https://konfigthis.com)
"
`;
