// Vitest Snapshot v1, https://vitest.dev/guide/snapshot.html

exports[`typescript-multipart-form-data-free-form-object 1`] = `
"# typescript-multipart-form-data-free-form-object<a id=\\"typescript-multipart-form-data-free-form-object\\"></a>

A simple API based for testing typescript-multipart-form-data-free-form-object.

[![npm](https://img.shields.io/badge/npm-v1.0.0-blue)](https://www.npmjs.com/package/typescript-multipart-form-data-free-form-object/v/1.0.0)
[![More Info](https://img.shields.io/badge/More%20Info-Click%20Here-orange)](http://example.com/support)

## Table of Contents<a id=\\"table-of-contents\\"></a>

<!-- toc -->

- [Installation](#installation)
- [Getting Started](#getting-started)
- [Reference](#reference)
  * [\`typescriptmultipartformdatafreeformobjectclient.test.uploadFiles\`](#typescriptmultipartformdatafreeformobjectclienttestuploadfiles)

<!-- tocstop -->

## Installation<a id=\\"installation\\"></a>

<table>
<tr>
<th width=\\"292px\\"><code>npm</code></th>
<th width=\\"293px\\"><code>pnpm</code></th>
<th width=\\"292px\\"><code>yarn</code></th>
</tr>
<tr>
<td>

\`\`\`bash
npm i typescript-multipart-form-data-free-form-object
\`\`\`

</td>
<td>

\`\`\`bash
pnpm i typescript-multipart-form-data-free-form-object
\`\`\`

</td>
<td>

\`\`\`bash
yarn add typescript-multipart-form-data-free-form-object
\`\`\`

</td>
</tr>
</table>

## Getting Started<a id=\\"getting-started\\"></a>

\`\`\`typescript
import { TypescriptMultipartFormDataFreeFormObjectClient } from \\"typescript-multipart-form-data-free-form-object\\";

const typescriptmultipartformdatafreeformobjectclient =
  new TypescriptMultipartFormDataFreeFormObjectClient({
    // Defining the base path is optional and defaults to https://typescript-multipart-form-data-free-form-object.konfigthis.com
    // basePath: \\"https://typescript-multipart-form-data-free-form-object.konfigthis.com\\",
    apiKey: \\"API_KEY\\",
  });

const uploadFilesResponse =
  await typescriptmultipartformdatafreeformobjectclient.test.uploadFiles([{}]);

console.log(uploadFilesResponse);
\`\`\`

## Reference<a id=\\"reference\\"></a>


### \`typescriptmultipartformdatafreeformobjectclient.test.uploadFiles\`<a id=\\"typescriptmultipartformdatafreeformobjectclienttestuploadfiles\\"></a>

Provide an input parameter to receive a JSON value with properties.

#### üõ†Ô∏è Usage<a id=\\"üõ†Ô∏è-usage\\"></a>

\`\`\`typescript
const uploadFilesResponse =
  await typescriptmultipartformdatafreeformobjectclient.test.uploadFiles([{}]);
\`\`\`

#### ‚öôÔ∏è Request Body<a id=\\"‚öôÔ∏è-request-body\\"></a>

[\`UploadFileRequestInner\`](./models/upload-file-request-inner.ts)[]

#### üåê Endpoint<a id=\\"üåê-endpoint\\"></a>

\`/upload-files\` \`POST\`

[üîô **Back to Table of Contents**](#table-of-contents)

---


## Author<a id=\\"author\\"></a>
This TypeScript package is automatically generated by [Konfig](https://konfigthis.com)
"
`;
