// Jest Snapshot v1, https://goo.gl/fbAQLP

exports[`simple example 1`] = `"NOT IMPLEMENTED"`;
